SCREEN1 DFHMSD TYPE=&SYSPARM,                                          X
               TIOAPFX=YES,                                            X
               MODE=INOUT,                                             X
               LANG=COBOL
ADDMAP  DFHMDI SIZE=(24,80),                                           X
               LINE=01,                                                X
               COLUMN=01,                                              X
               CTRL=(FREEKB,FRSET)
        DFHMDF POS=(03,30),                                            X
               INITIAL='MY FIRST CICS MAP      ',                      X
               LENGTH=23,                                              X
               ATTRB=(ASKIP,BRT)
        DFHMDF POS=(6,21),                                             X
               INITIAL='FIRST NUMBER        :',                        X
               LENGTH=21,                                              X
               ATTRB=(ASKIP,NORM)
NUM1    DFHMDF POS=(06,43),                                            X
               LENGTH=2,                                               X
               ATTRB=(UNPROT,BRT,IC)
        DFHMDF POS=(08,21),                                            X
               INITIAL='SECOND NUMBER       :',                        X
               LENGTH=21,                                              X
               ATTRB=(ASKIP,NORM)
NUM2    DFHMDF POS=(08,43),                                            X
               LENGTH=2,                                               X
               ATTRB=(UNPROT,BRT)
        DFHMDF POS=(10,21),                                            X
               INITIAL='SUM OF THE NUMBERS  :',                        X
               LENGTH=21,                                              X
               ATTRB=(ASKIP,NORM)
SUM     DFHMDF POS=(10,43),                                            X
               LENGTH=3,                                               X
               ATTRB=(UNPROT,BRT)
        DFHMDF POS=(13,21),                                            X
               INITIAL='                     ',                        X
               LENGTH=21,                                              X
               ATTRB=(ASKIP,NORM)
CHOICE  DFHMDF POS=(13,43),                                            X
               LENGTH=3,                                               X
               ATTRB=(UNPROT,BRT)
        DFHMDF POS=(20,21),                                            X
               INITIAL='ENTER THE NUM1,NUM2 AND PRESS ENTER',          X
               LENGTH=35
        DFHMSD TYPE=FINAL
        END
